2025-10-23 10:17:36,282 - INFO - 开始XGBoost数据预处理...
2025-11-02 23:23:43,417 - WARNING - 未找到停用词文件，使用空停用词列表
2025-11-02 23:23:43,417 - INFO - 开始XGBoost数据预处理...
2025-11-02 23:24:22,588 - WARNING - 未找到停用词文件，使用空停用词列表
2025-11-02 23:24:22,588 - INFO - 开始XGBoost数据预处理...
2025-11-02 23:24:32,677 - WARNING - 未找到停用词文件，使用空停用词列表
2025-11-02 23:24:32,678 - INFO - 开始XGBoost数据预处理...
2025-11-02 23:25:25,116 - WARNING - 未找到停用词文件，使用空停用词列表
2025-11-02 23:25:25,272 - INFO - 成功加载58549本图书的名称映射
2025-11-02 23:25:25,274 - INFO - 开始XGBoost数据预处理...
2025-11-02 23:25:29,956 - INFO - Word2Vec模型训练完成，词汇量：16349
2025-11-02 23:25:37,582 - INFO - 生成58549本图书的文本向量
2025-11-02 23:26:31,225 - WARNING - 未找到停用词文件，使用空停用词列表
2025-11-02 23:26:31,381 - INFO - 成功加载58549本图书的名称映射
2025-11-02 23:26:31,383 - INFO - 开始XGBoost数据预处理...
2025-11-02 23:26:35,878 - INFO - Word2Vec模型训练完成，词汇量：16349
2025-11-02 23:26:42,864 - INFO - 生成58549本图书的文本向量
2025-11-02 23:27:44,241 - WARNING - 未找到停用词文件，使用空停用词列表
2025-11-02 23:27:44,405 - INFO - 成功加载58549本图书的名称映射
2025-11-02 23:27:44,407 - INFO - 开始XGBoost数据预处理...
2025-11-02 23:27:49,239 - INFO - Word2Vec模型训练完成，词汇量：16349
2025-11-02 23:27:56,756 - INFO - 生成58549本图书的文本向量
2025-11-02 23:35:04,263 - WARNING - 未找到停用词文件，使用空停用词列表
2025-11-02 23:35:04,437 - INFO - 成功加载58549本图书的名称映射
2025-11-02 23:35:04,439 - INFO - 开始XGBoost数据预处理...
2025-11-02 23:35:08,746 - INFO - Word2Vec模型训练完成，词汇量：16349
2025-11-02 23:35:15,763 - INFO - 生成58549本图书的文本向量
2025-11-02 23:35:24,838 - INFO - 数据预处理完成 - 训练集: 166867条, 测试集: 41717条
2025-11-02 23:35:24,855 - INFO - 正负样本比例 - 训练集: 0.25, 测试集: 0.25
2025-11-02 23:35:24,855 - INFO - 预处理耗时: 20.42秒
2025-11-02 23:35:24,875 - INFO - 开始训练XGBoost模型...
2025-11-02 23:37:49,213 - WARNING - 未找到停用词文件，使用空停用词列表
2025-11-02 23:37:49,370 - INFO - 成功加载58549本图书的名称映射
2025-11-02 23:37:49,371 - INFO - 开始XGBoost数据预处理...
2025-11-02 23:37:54,526 - INFO - Word2Vec模型训练完成，词汇量：16349
2025-11-02 23:38:02,405 - INFO - 生成58549本图书的文本向量
2025-11-02 23:38:11,037 - INFO - 数据预处理完成 - 训练集: 166867条, 测试集: 41717条
2025-11-02 23:38:11,051 - INFO - 正负样本比例 - 训练集: 0.25, 测试集: 0.25
2025-11-02 23:38:11,051 - INFO - 预处理耗时: 21.68秒
2025-11-02 23:38:11,073 - INFO - 开始训练XGBoost模型...
